<html>
<body>
<pre>
<h1>µVision Build Log</h1>
<h2>Project:</h2>
C:\Users\Paul Camantigue\Dropbox\OBD-II_UART\OBDII_Project\OBDII.uvproj
Project File Date:  10/21/2012

<h2>Output:</h2>
Build target 'Target 1'
assembling Startup.s...
compiling main.c...
main.c(3): error:  #5: cannot open source input file "Serial.h": No such file or directory
compiling lcd.c...
compiling Serial.c...
Target not created
Build target 'Target 1'
compiling main.c...
main.c(24): warning:  #223-D: function "writeBuffer" declared implicitly
main.c(28): warning:  #223-D: function "setVoltageBuffer" declared implicitly
main.c(33): warning:  #223-D: function "setProtocolBuffer" declared implicitly
main.c(35): warning:  #223-D: function "readDataECU" declared implicitly
main.c(59): error:  #159: declaration is incompatible with previous "setVoltageBuffer" (declared at line 28)
main.c(74): error:  #159: declaration is incompatible with previous "setProtocolBuffer" (declared at line 33)
main.c(87): error:  #159: declaration is incompatible with previous "writeBuffer" (declared at line 24)
main.c(93): error:  #159: declaration is incompatible with previous "readDataECU" (declared at line 35)
Target not created
Build target 'Target 1'
compiling main.c...
main.c(29): warning:  #223-D: function "setVoltageBuffer" declared implicitly
main.c(34): warning:  #223-D: function "setProtocolBuffer" declared implicitly
main.c(36): warning:  #223-D: function "readDataECU" declared implicitly
main.c(60): error:  #159: declaration is incompatible with previous "setVoltageBuffer" (declared at line 29)
main.c(75): error:  #159: declaration is incompatible with previous "setProtocolBuffer" (declared at line 34)
main.c(94): error:  #159: declaration is incompatible with previous "readDataECU" (declared at line 36)
Target not created
Build target 'Target 1'
compiling main.c...
main.c(37): warning:  #223-D: function "readDataECU" declared implicitly
main.c(95): error:  #159: declaration is incompatible with previous "readDataECU" (declared at line 37)
Target not created
Build target 'Target 1'
compiling main.c...
linking...
Program Size: Code=708 RO-data=32 RW-data=16 ZI-data=1256  
"OBDII.axf" - 0 Error(s), 0 Warning(s).
Build target 'Target 1'
compiling main.c...
main.c(91): error:  #167: argument of type "char *" is incompatible with parameter of type "char"
Target not created
Build target 'Target 1'
compiling main.c...
linking...
Program Size: Code=840 RO-data=32 RW-data=16 ZI-data=1256  
"OBDII.axf" - 0 Error(s), 0 Warning(s).
compiling main.c...
main.c(39): warning:  #111-D: statement is unreachable
main.c - 0 Error(s), 1 Warning(s).
Build target 'Target 1'
linking...
Program Size: Code=832 RO-data=32 RW-data=16 ZI-data=1256  
"OBDII.axf" - 0 Error(s), 0 Warning(s).
Build target 'Target 1'
linking...
Program Size: Code=1104 RO-data=32 RW-data=16 ZI-data=1256  
FromELF: creating hex file...
"OBDII.axf" - 0 Error(s), 0 Warning(s).
Build target 'Target 1'
compiling main.c...
main.c(40): warning:  #111-D: statement is unreachable
linking...
Program Size: Code=1108 RO-data=32 RW-data=16 ZI-data=1256  
FromELF: creating hex file...
"OBDII.axf" - 0 Error(s), 1 Warning(s).
Build target 'Target 1'
linking...
Program Size: Code=1108 RO-data=32 RW-data=16 ZI-data=1256  
FromELF: creating hex file...
"OBDII.axf" - 0 Error(s), 0 Warning(s).
Build target 'Target 1'
compiling Serial.c...
linking...
Program Size: Code=1116 RO-data=32 RW-data=16 ZI-data=1256  
FromELF: creating hex file...
"OBDII.axf" - 0 Error(s), 0 Warning(s).
Build target 'Target 1'
linking...
Program Size: Code=1116 RO-data=32 RW-data=16 ZI-data=1256  
FromELF: creating hex file...
"OBDII.axf" - 0 Error(s), 0 Warning(s).
Build target 'Target 1'
compiling main.c...
main.c(45): warning:  #111-D: statement is unreachable
compiling Serial.c...
linking...
Program Size: Code=1140 RO-data=32 RW-data=16 ZI-data=1256  
FromELF: creating hex file...
"OBDII.axf" - 0 Error(s), 1 Warning(s).
Build target 'Target 1'
compiling main.c...
main.c(27): warning:  #177-D: variable "x" was declared but never referenced
main.c(43): warning:  #111-D: statement is unreachable
linking...
Program Size: Code=1124 RO-data=32 RW-data=16 ZI-data=1256  
FromELF: creating hex file...
"OBDII.axf" - 0 Error(s), 2 Warning(s).
Build target 'Target 1'
compiling Serial.c...
linking...
Program Size: Code=1124 RO-data=32 RW-data=16 ZI-data=1256  
FromELF: creating hex file...
"OBDII.axf" - 0 Error(s), 0 Warning(s).
Build target 'Target 1'
compiling main.c...
main.c(27): warning:  #177-D: variable "x" was declared but never referenced
main.c(43): warning:  #111-D: statement is unreachable
main.c(95): warning:  #223-D: function "uart1_puts2" declared implicitly
compiling Serial.c...
Serial.c(43): warning:  #1-D: last line of file ends without a newline
linking...
Program Size: Code=1168 RO-data=32 RW-data=16 ZI-data=1256  
FromELF: creating hex file...
"OBDII.axf" - 0 Error(s), 4 Warning(s).
Build target 'Target 1'
compiling main.c...
main.c(27): warning:  #177-D: variable "x" was declared but never referenced
main.c(43): warning:  #111-D: statement is unreachable
compiling Serial.c...
Serial.c(43): warning:  #1-D: last line of file ends without a newline
linking...
Program Size: Code=1168 RO-data=32 RW-data=16 ZI-data=1256  
FromELF: creating hex file...
"OBDII.axf" - 0 Error(s), 3 Warning(s).
Build target 'Target 1'
compiling main.c...
main.c(42): warning:  #111-D: statement is unreachable
compiling Serial.c...
linking...
Program Size: Code=1160 RO-data=32 RW-data=16 ZI-data=1256  
FromELF: creating hex file...
"OBDII.axf" - 0 Error(s), 1 Warning(s).
Build target 'Target 1'
compiling main.c...
main.c(42): warning:  #111-D: statement is unreachable
main.c(62): error:  #7: unrecognized token
main.c(62): error:  #29: expected an expression
compiling Serial.c...
Target not created
Build target 'Target 1'
compiling main.c...
main.c(42): warning:  #111-D: statement is unreachable
main.c(62): error:  #29: expected an expression
Target not created
Build target 'Target 1'
compiling main.c...
main.c(42): warning:  #111-D: statement is unreachable
compiling Serial.c...
linking...
Program Size: Code=1168 RO-data=32 RW-data=16 ZI-data=1256  
FromELF: creating hex file...
"OBDII.axf" - 0 Error(s), 1 Warning(s).
